Good — verify uses `run_command_role` without task_id which still works (defaults to None).

Let me re-check `test_phase3` test 2 expectations: it sets test_commands and runs. Existing global config test_commands → my `effective_config(root, tid)` reads global (no per-task override). Then run_one_iteration uses that config. ✓

Phase3 test 2 expects `(root / f".agentloop/tasks/{state['task_id']}/artifacts/review-007.json").exists()` — that's still generated by `write_text(review_path, ...)`. ✓

Now let me verify `test_tasks_lists_current_and_older_task_directories` still works. It creates legacy dir `.agentloop/tasks/legacy-task-without-state` and calls `tasks` (no subcommand). My cmd_tasks_list iterates list_task_ids and tries task_snapshot which catches errors and returns `{"task_id": tid, "status": "UNKNOWN", ...}`. Good.

But the test expects `"* {task_id}"` for current. My code uses `current_task_id(root)` which reads pointer. After start, set_current_task_id writes pointer's task_id. Good.

It also expects `"title: Listed task"` — my code reads `snap.get("title")`. Good.

One concern — my cmd_tasks_list output uses `state.get('iteration', '-')`/`max_iterations`, but for the legacy dir these are missing; I return them as "-". But for snapshot from real task state, `iteration` is an int. OK.

There's another test `test_start_after_done_resets_execution_state`: starts task A, runs to DONE, starts task B. With my new start_task, that simply creates a NEW task — old behavior was to overwrite single state. Test expects:
- `state["title"] == "Second task"` (the current/global state)
- `state["status"] == "WAITING_FOR_ALIGNMENT"`
- `[item["role"] for item in state["agents"]] == ["analyst"]` (i.e. fresh)
- `phases["design"]["status"] == "pending"`
- `phases["review"]["last_review"] is None`
- artifact starts with `.agentloop/tasks/`

My new start creates a fresh state for the new task, calls set_current_task_id which writes the new state to global state.json. ✓

But — task A's DONE state remains in tasks/A/state.json. Global mirror shows task B's state. ✓

Let me check `cmd_cancel` legacy path concern. The status check: `if status in {"CREATED", "DONE", "CANCELLED"}: raise WorkspaceError(...)`. But the original cancel also worked for CANCELLED already... yes test expects "Cannot cancel while status is CREATED". With my logic the test gets the right error message. ✓

Let me re-check the `test_tasks_delete_current_task_resets_state`. After delete: `state["status"] == "CREATED"`, `state["task_id"] is None`. My `cmd_tasks_delete` calls `reset_current_state(root)` which calls `save_state(root, default_state())`. default_state has no task_id, so save_state uses the no-task-id branch: writes only state_path. ✓

Now let me check `test_per_task_test_commands_override_takes_effect`. After start+approve, I call `tasks config set --task-id tid test_commands '[...]' --json`. The CLI command goes through `cmd_tasks_config_set` → `_run_batch_op` → `task_lock` then `apply_task_config_patch`. `apply_task_config_patch` calls `_set_dotted` then `_validate_patch` → validates test_commands as list of strings. ✓

Then `agentloop run --task-id tid`: `cmd_run` → `task_lock` → `run_task` → `run_one_iteration` → `effective_config(root, tid)` (which now sees the override) → `run_test_commands(root, list(config.get("test_commands")), iteration, task_id=tid)` writes to `.agentloop/runs/<tid>/001/tests/01-test.log`. ✓

For `test_batch_cancel_isolates_failures`: I manually set tid_a status to DONE. My batch cancel runs each in a lock. For tid_a, cancel_task raises (DONE), error caught → "error". For tid_b, cancel works. ✓

But wait — there's an issue with my cmd_run. It calls `resolve_task_id` AND `task_lock` separately. If lock is already held, `task_lock` itself raises LockHeld which I catch and return code 2. ✓

Let me also verify `task_lock` `os.O_RDWR` flag works on Windows. Actually `os.O_CREAT | os.O_EXCL` should work. Hmm `os.O_RDWR` is fine on Windows. OK.

Let me check the `cancel_task` legacy fallback more carefully. When `resolve_task_id` raises because no active task, we fall through to legacy. But for the case where active tasks exist (multiple), `resolve_task_id` raises with ambiguity. My code catches it but then re-raises after legacy check (since status of global state.json may be active). Actually look:

```python
try:
    tid = resolve_task_id(root, task_id)
except WorkspaceError:
    legacy = load_state(root)
    status = legacy.get("status")
    if status in {"CREATED", "DONE", "CANCELLED"}:
        raise WorkspaceError(f"Cannot cancel while status is {status}.")
    raise
```

If legacy status is e.g. "WAITING_FOR_ALIGNMENT" (a current active task), we re-raise the ambiguity error. Good. But then we'd never reach the line `state = load_task_state(root, tid)`. So tid is unbound on re-raise — fine since we're raising.

Now `cmd_cancel`-related test `test_cancel_active_task_allows_new_start`: starts task, then bare cancel. Single active task → resolve_task_id returns that task → cancel proceeds. ✓ Then `start "Replacement task"` creates new task. ✓

Implementation looks complete. Final summary:

## Summary

Implemented multi-task lifecycle, per-task config, batch operations per the design doc:

**New modules**
- `agentloop/locks.py` — cross-platform per-task file locks (`task_lock` context manager) with stale-PID reclaim.
- `agentloop/tasks.py` — per-task discovery, IO (`load_task_state`/`save_task_state`), `effective_config` merge, `resolve_task_id` resolver, `select_task_ids` selector, `migrate_workspace`.

**Refactored**
- `agentloop/workspace.py` — `save_state` now writes per-task state and only mirrors to legacy `state.json` when it matches the current pointer (so concurrent tasks don't clobber each other).
- `agentloop/workflow.py` — `start_task`/`approve_task`/`cancel_task`/`run_task`/`run_one_iteration` all accept explicit `task_id`; `start_task` no longer gates on global status (AC-2); `run_one_iteration` uses `effective_config` so per-task overrides take effect (AC-8).
- `agentloop/runner.py` + `agentloop/adapters.py` — accept `task_id` and write logs under `.agentloop/runs/<task_id>/<NNN>/` (AC-5).
- `agentloop/cli.py` — every lifecycle command takes positional `<task_id>` or `--task-id`; new `tasks {approve,cancel,run,unlock,migrate,config show/set/unset/clear}` subcommands with `--task-id`/`--all`/`--status` selector grammar, `--dry-run`, `--wait`, `--parallel N`; ambiguous bare commands print candidate list and exit 2.

**Docs**: appended §23 to `docs/agentloop-design.md` covering storage, locking, precedence, and CLI surface.

**Tests**: new `tests/test_multitask.py` covering AC-2/3/4/5/6/7/8/9/10/12 (multi-start, explicit task selectors, ambiguity error, per-task config override flow, batch config-set, batch cancel with isolated failures, namespaced run logs, lock fail-fast, unlock, migration).

I did not run the test suite — `python -m pytest` requires permission approval that wasn't granted, so please run `python -m pytest tests/ -x -q` to verify.
